Copyright 1986-2022 Xilinx, Inc. All Rights Reserved. Copyright 2022-2025 Advanced Micro Devices, Inc. All Rights Reserved.
---------------------------------------------------------------------------------------------------------------------------------------------------------
| Tool Version : Vivado v.2025.2 (win64) Build 6299465 Fri Nov 14 19:35:11 GMT 2025
| Date         : Mon Jun 15 21:07:38 2026
| Host         : DESKTOP-A3QFNGL running 64-bit major release  (build 9200)
| Command      : report_drc -file AES128_System_wrapper_drc_routed.rpt -pb AES128_System_wrapper_drc_routed.pb -rpx AES128_System_wrapper_drc_routed.rpx
| Design       : AES128_System_wrapper
| Device       : xc7z010clg400-1
| Speed File   : -1
| Design State : Fully Routed
---------------------------------------------------------------------------------------------------------------------------------------------------------

Report DRC

Table of Contents
-----------------
1. REPORT SUMMARY
2. REPORT DETAILS

1. REPORT SUMMARY
-----------------
            Netlist: netlist
          Floorplan: design_1
      Design limits: <entire design considered>
           Ruledeck: default
             Max checks: <unlimited>
             Checks found: 2
+-----------+----------+----------------------------+--------+
| Rule      | Severity | Description                | Checks |
+-----------+----------+----------------------------+--------+
| RTSTAT-10 | Warning  | No routable loads          | 1      |
| UCIO-1    | Warning  | Unconstrained Logical Port | 1      |
+-----------+----------+----------------------------+--------+

2. REPORT DETAILS
-----------------
RTSTAT-10#1 Warning
No routable loads  
25 net(s) have no routable loads. The problem bus(es) and/or net(s) are AES128_System_i/microblaze_riscv_0_axi_periph/inst/m00_nodes/m00_ar_node/inst/mi_handler_m_sc_areset_pipe,
AES128_System_i/microblaze_riscv_0_axi_periph/inst/m00_nodes/m00_aw_node/inst/mi_handler_m_sc_areset_pipe,
AES128_System_i/microblaze_riscv_0_axi_periph/inst/m00_nodes/m00_b_node/inst/mi_handler_m_sc_areset_pipe,
AES128_System_i/microblaze_riscv_0_axi_periph/inst/m00_nodes/m00_r_node/inst/mi_handler_m_sc_areset_pipe,
AES128_System_i/microblaze_riscv_0_axi_periph/inst/m01_nodes/m01_ar_node/inst/mi_handler_m_sc_areset_pipe,
AES128_System_i/microblaze_riscv_0_axi_periph/inst/m01_nodes/m01_aw_node/inst/mi_handler_m_sc_areset_pipe,
AES128_System_i/microblaze_riscv_0_axi_periph/inst/m01_nodes/m01_b_node/inst/mi_handler_m_sc_areset_pipe,
AES128_System_i/microblaze_riscv_0_axi_periph/inst/m01_nodes/m01_r_node/inst/mi_handler_m_sc_areset_pipe,
AES128_System_i/microblaze_riscv_0_axi_periph/inst/m02_nodes/m02_aw_node/inst/mi_handler_m_sc_areset_pipe,
AES128_System_i/microblaze_riscv_0_axi_periph/inst/m02_nodes/m02_r_node/inst/mi_handler_m_sc_areset_pipe,
AES128_System_i/microblaze_riscv_0_axi_periph/inst/m02_nodes/m02_w_node/inst/mi_handler_m_sc_areset_pipe,
AES128_System_i/microblaze_riscv_0_axi_periph/inst/s00_nodes/s00_ar_node/inst/mi_handler_m_sc_areset_pipe,
AES128_System_i/microblaze_riscv_0_axi_periph/inst/s00_nodes/s00_b_node/inst/mi_handler_m_sc_areset_pipe,
AES128_System_i/microblaze_riscv_0_axi_periph/inst/s00_nodes/s00_r_node/inst/mi_handler_m_sc_areset_pipe,
AES128_System_i/microblaze_riscv_0_axi_periph/inst/s00_nodes/s00_w_node/inst/mi_handler_m_sc_areset_pipe
 (the first 15 of 25 listed nets/buses).
Related violations: <none>

UCIO-1#1 Warning
Unconstrained Logical Port  
2 out of 135 logical ports have no user assigned specific location constraint (LOC). This may cause I/O contention or incompatibility with the board power or connectivity affecting performance, signal integrity or in extreme cases cause damage to the device or the components to which it is connected. To correct this violation, specify all pin locations. This design will fail to generate a bitstream unless all logical ports have a user specified site LOC constraint defined.  To allow bitstream creation with unspecified pin locations (not recommended), use this command: set_property SEVERITY {Warning} [get_drc_checks UCIO-1].  NOTE: When using the Vivado Runs infrastructure (e.g. launch_runs Tcl command), add this command to a .tcl file and add that file as a pre-hook for write_bitstream step for the implementation run.  Problem ports: uart_rtl_rxd, uart_rtl_txd.
Related violations: <none>


